python : 2026-04-02 16:15:06,391 - telethon.network.mtprotosender - 
INFO - Connecting to 91.108.56.107:443/TcpFull...
At line:1 char:1
+ python test_standalone.py 42000005442 > test_output.log 2>&1
+ ~~~~~~~~~~~~~~~~~~~~~~~~~~~~~~~~~~~~~~~~~~~~~~~~~~~~~~~~~~~~
    + CategoryInfo          : NotSpecified: (2026-04-02 16:1...:443/Tcp 
   Full...:String) [], RemoteException
    + FullyQualifiedErrorId : NativeCommandError
 
2026-04-02 16:15:06,418 - telethon.network.mtprotosender - INFO - 
Connection to 91.108.56.107:443/TcpFull complete!
Traceback (most recent call last):
  File "C:\a - Copy (4)\test_standalone.py", line 90, in <module>
    asyncio.run(run_standalone_test(bid))
  File "C:\Users\mauta\AppData\Local\Programs\Python\Python310\lib\async
io\runners.py", line 44, in run
    return loop.run_until_complete(main)
  File "C:\Users\mauta\AppData\Local\Programs\Python\Python310\lib\async
io\base_events.py", line 649, in run_until_complete
    return future.result()
  File "C:\a - Copy (4)\test_standalone.py", line 32, in 
run_standalone_test
    print(f"\U0001f680 Manual standalone test for {book_id}")
  File "C:\Users\mauta\AppData\Local\Programs\Python\Python310\lib\encod
ings\cp1252.py", line 19, in encode
    return codecs.charmap_encode(input,self.errors,encoding_table)[0]
UnicodeEncodeError: 'charmap' codec can't encode character '\U0001f680' 
in position 0: character maps to <undefined>
